// Jest Snapshot v1, https://goo.gl/fbAQLP

exports[`renders without crashing 1`] = `
<div
  className="footer bg-white shadow black-50"
>
  <a
    className="link underline hover-blue"
    href="#"
  >
    Copyright
  </a>
  <a
    className="link underline hover-blue"
    href="#"
  >
    Terms
  </a>
</div>
`;
