// Jest Snapshot v1, https://goo.gl/fbAQLP

exports[`renders correctly on initial display 1`] = `
<DocumentFragment>
  <main
    class="mw6"
  >
    <section
      class="cf pa3 pa4-ns bg-white shadow br3"
    >
      <h1
        class="f4 fw7 mt0 mb4"
      >
        User Information
      </h1>
      <form
        novalidate=""
      >
        <legend
          class="visually-hidden"
        >
          User Information
        </legend>
        <div
          class="mb4"
        >
          <label
            class="db mb1 fw6"
            for="name"
          >
            Full Name
          </label>
          <input
            class="w-100 pa3 br2 b--black-20"
            id="name"
            name="name"
            required=""
            type="text"
            value=""
          />
        </div>
        <div
          class="mb4"
        >
          <label
            class="db mb1"
            for="dob"
          >
            <span
              class="fw6"
            >
               Date of Birth 
            </span>
             
            <span
              class="fw2"
            >
              mm/dd/yyyy 
            </span>
          </label>
          <input
            class="w-100 pa3 br2 b--black-20"
            id="dob"
            name="dob"
            required=""
            type="text"
            value=""
          />
        </div>
        <div
          class="mb4"
        >
          <label
            class="db mb1 fw6"
            for="mailingAddress"
          >
            Mailing Street Address
          </label>
          <input
            class="w-100 pa3 br2 b--black-20"
            id="mailingAddress"
            name="mailingAddress"
            required=""
            type="text"
            value=""
          />
        </div>
        <div
          class="mb4"
        >
          <label
            class="db mb1 fw6"
            for="city"
          >
            City
          </label>
          <input
            class="w-100 pa3 br2 b--black-20"
            id="city"
            name="city"
            required=""
            type="text"
            value=""
          />
        </div>
        <div
          class="mb4"
        >
          <label
            class="db mb1 fw6"
            for="state"
          >
            State
          </label>
          <div
            class="relative"
          >
            <select
              class="w-100 pa3 br2 bw1 b--black-20 input-reset bg-white"
              id="state"
              name="state"
              required=""
            >
              <option
                value=""
              />
              <option
                value="Alabama"
              >
                Alabama
              </option>
              <option
                value="Alaska"
              >
                Alaska
              </option>
              <option
                value="American Samoa"
              >
                American Samoa
              </option>
              <option
                value="Arizona"
              >
                Arizona
              </option>
              <option
                value="Arkansas"
              >
                Arkansas
              </option>
              <option
                value="California"
              >
                California
              </option>
              <option
                value="Colorado"
              >
                Colorado
              </option>
              <option
                value="Connecticut"
              >
                Connecticut
              </option>
              <option
                value="Delaware"
              >
                Delaware
              </option>
              <option
                value="District Of Columbia"
              >
                District Of Columbia
              </option>
              <option
                value="Florida"
              >
                Florida
              </option>
              <option
                value="Georgia"
              >
                Georgia
              </option>
              <option
                value="Guam"
              >
                Guam
              </option>
              <option
                value="Hawaii"
              >
                Hawaii
              </option>
              <option
                value="Idaho"
              >
                Idaho
              </option>
              <option
                value="Illinois"
              >
                Illinois
              </option>
              <option
                value="Indiana"
              >
                Indiana
              </option>
              <option
                value="Iowa"
              >
                Iowa
              </option>
              <option
                value="Kansas"
              >
                Kansas
              </option>
              <option
                value="Kentucky"
              >
                Kentucky
              </option>
              <option
                value="Louisiana"
              >
                Louisiana
              </option>
              <option
                value="Maine"
              >
                Maine
              </option>
              <option
                value="Maryland"
              >
                Maryland
              </option>
              <option
                value="Massachusetts"
              >
                Massachusetts
              </option>
              <option
                value="Michigan"
              >
                Michigan
              </option>
              <option
                value="Minnesota"
              >
                Minnesota
              </option>
              <option
                value="Mississippi"
              >
                Mississippi
              </option>
              <option
                value="Missouri"
              >
                Missouri
              </option>
              <option
                value="Montana"
              >
                Montana
              </option>
              <option
                value="Nebraska"
              >
                Nebraska
              </option>
              <option
                value="Nevada"
              >
                Nevada
              </option>
              <option
                value="New Hampshire"
              >
                New Hampshire
              </option>
              <option
                value="New Jersey"
              >
                New Jersey
              </option>
              <option
                value="New Mexico"
              >
                New Mexico
              </option>
              <option
                value="New York"
              >
                New York
              </option>
              <option
                value="North Carolina"
              >
                North Carolina
              </option>
              <option
                value="North Dakota"
              >
                North Dakota
              </option>
              <option
                value="Northern Mariana Islands"
              >
                Northern Mariana Islands
              </option>
              <option
                value="Ohio"
              >
                Ohio
              </option>
              <option
                value="Oklahoma"
              >
                Oklahoma
              </option>
              <option
                value="Oregon"
              >
                Oregon
              </option>
              <option
                value="Pennsylvania"
              >
                Pennsylvania
              </option>
              <option
                value="Puerto Rico"
              >
                Puerto Rico
              </option>
              <option
                value="Rhode Island"
              >
                Rhode Island
              </option>
              <option
                value="South Carolina"
              >
                South Carolina
              </option>
              <option
                value="South Dakota"
              >
                South Dakota
              </option>
              <option
                value="Tennessee"
              >
                Tennessee
              </option>
              <option
                value="Texas"
              >
                Texas
              </option>
              <option
                value="United States Minor Outlying Islands"
              >
                United States Minor Outlying Islands
              </option>
              <option
                value="Utah"
              >
                Utah
              </option>
              <option
                value="Vermont"
              >
                Vermont
              </option>
              <option
                value="Virgin Islands"
              >
                Virgin Islands
              </option>
              <option
                value="Virginia"
              >
                Virginia
              </option>
              <option
                value="Washington"
              >
                Washington
              </option>
              <option
                value="West Virginia"
              >
                West Virginia
              </option>
              <option
                value="Wisconsin"
              >
                Wisconsin
              </option>
              <option
                value="Wyoming"
              >
                Wyoming
              </option>
            </select>
            <div
              class="absolute pa3 right-0 top-0 bottom-0 pointer-events-none"
            >
              <i
                aria-hidden="true"
                class="fas fa-angle-down"
              />
            </div>
          </div>
        </div>
        <div
          class="mb4"
        >
          <label
            class="db mb1 fw6"
            for="zipCode"
          >
            Zip code
          </label>
          <input
            class="w-100 pa3 br2 b--black-20"
            id="zipCode"
            name="zipCode"
            required=""
            type="text"
            value=""
          />
        </div>
        <div
          class="mb4"
        >
          <label
            class="db mb1"
            for="phoneNumber"
          >
            <span
              class="fw6"
            >
               Phone Number 
            </span>
             
          </label>
          <input
            class="w-100 pa3 br2 b--black-20"
            id="phoneNumber"
            name="phoneNumber"
            required=""
            type="text"
            value=""
          />
        </div>
        <button
          class="bg-blue white bg-animate hover-bg-dark-blue fw6 db w-100 br2 pv3 ph4 mb4 tc "
        >
          Download Expungement Packet
        </button>
      </form>
      <div
        class="black-70 w-100"
        role="alert"
      />
    </section>
  </main>
</DocumentFragment>
`;
